// Jest Snapshot v1, https://goo.gl/fbAQLP

exports[`Question view When it loaded, should be returned current question 1`] = `
Array [
  <RCTSafeAreaView
    emulateUnlessSupported={true}
    style={
      Object {
        "backgroundColor": "#fff",
        "flex": 0,
      }
    }
  />,
  <RCTSafeAreaView
    emulateUnlessSupported={true}
    style={
      Object {
        "backgroundColor": "#fff",
        "flex": 1,
      }
    }
  >
    <View
      style={
        Object {
          "flex": 1,
          "padding": 8,
        }
      }
    >
      <Text
        style={
          Array [
            Object {
              "color": "#0D0D0D",
              "fontFamily": "Roboto-Bold",
              "fontSize": 20,
              "fontWeight": "bold",
            },
            Object {
              "textAlign": "center",
            },
            undefined,
          ]
        }
      >
        teste
      </Text>
      <View
        style={
          Object {
            "flex": 1,
            "justifyContent": "center",
          }
        }
      >
        <View
          style={
            Array [
              Object {
                "backgroundColor": "#fff",
                "borderColor": "#0D0D0D",
                "borderWidth": 1,
                "padding": 16,
              },
              Object {
                "marginBottom": 16,
                "marginHorizontal": 8,
                "padding": 32,
                "paddingVertical": 32,
              },
            ]
          }
        >
          <Text
            style={
              Array [
                Object {
                  "color": "#0D0D0D",
                  "fontFamily": "Roboto-Regular",
                  "fontSize": 20,
                },
                Object {
                  "textAlign": "center",
                },
                undefined,
              ]
            }
          >
            teste
          </Text>
          <View
            style={
              Object {
                "flexDirection": "row",
                "justifyContent": "space-evenly",
                "marginTop": 32,
              }
            }
          >
            <View
              accessible={true}
              collapsable={false}
              focusable={true}
              onClick={[Function]}
              onResponderGrant={[Function]}
              onResponderMove={[Function]}
              onResponderRelease={[Function]}
              onResponderTerminate={[Function]}
              onResponderTerminationRequest={[Function]}
              onStartShouldSetResponder={[Function]}
              style={
                Object {
                  "alignItems": "center",
                  "flex": 1,
                  "height": 40,
                  "justifyContent": "center",
                  "opacity": 1,
                  "width": "100%",
                }
              }
            >
              <Text
                style={
                  Array [
                    Object {
                      "color": "#0D0D0D",
                      "fontFamily": "Roboto-Regular",
                      "fontSize": 20,
                    },
                    Object {},
                    undefined,
                  ]
                }
              >
                TRUE
              </Text>
            </View>
            <View
              accessible={true}
              collapsable={false}
              focusable={true}
              onClick={[Function]}
              onResponderGrant={[Function]}
              onResponderMove={[Function]}
              onResponderRelease={[Function]}
              onResponderTerminate={[Function]}
              onResponderTerminationRequest={[Function]}
              onStartShouldSetResponder={[Function]}
              style={
                Object {
                  "alignItems": "center",
                  "flex": 1,
                  "height": 40,
                  "justifyContent": "center",
                  "opacity": 1,
                  "width": "100%",
                }
              }
            >
              <Text
                style={
                  Array [
                    Object {
                      "color": "#0D0D0D",
                      "fontFamily": "Roboto-Regular",
                      "fontSize": 20,
                    },
                    Object {},
                    undefined,
                  ]
                }
              >
                FALSE
              </Text>
            </View>
          </View>
        </View>
        <Text
          style={
            Array [
              Object {
                "color": "#0D0D0D",
                "fontFamily": "Roboto-Regular",
                "fontSize": 20,
              },
              Object {
                "textAlign": "center",
              },
              undefined,
            ]
          }
        >
          undefined of 1
        </Text>
      </View>
    </View>
  </RCTSafeAreaView>,
]
`;
